neorv32/rtl/core/neorv32_package.vhd
neorv32/rtl/core/neorv32_sys.vhd
neorv32/rtl/core/neorv32_cpu_decompressor.vhd
neorv32/rtl/core/neorv32_cpu_frontend.vhd
neorv32/rtl/core/neorv32_cpu_control.vhd
neorv32/rtl/core/neorv32_cpu_hwtrig.vhd
neorv32/rtl/core/neorv32_prim.vhd
neorv32/rtl/core/neorv32_cpu_counters.vhd
neorv32/rtl/core/neorv32_cpu_regfile.vhd
neorv32/rtl/core/neorv32_cpu_alu_shifter.vhd
neorv32/rtl/core/neorv32_cpu_alu_muldiv.vhd
neorv32/rtl/core/neorv32_cpu_alu_bitmanip.vhd
neorv32/rtl/core/neorv32_cpu_alu_fpu.vhd
neorv32/rtl/core/neorv32_cpu_alu_cfu.vhd
neorv32/rtl/core/neorv32_cpu_alu_cond.vhd
neorv32/rtl/core/neorv32_cpu_alu_crypto.vhd
neorv32/rtl/core/neorv32_cpu_alu.vhd
neorv32/rtl/core/neorv32_cpu_lsu.vhd
neorv32/rtl/core/neorv32_cpu_pmp.vhd
neorv32/rtl/core/neorv32_cpu_trace.vhd
neorv32/rtl/core/neorv32_cpu.vhd
neorv32/rtl/core/neorv32_cache.vhd
neorv32/rtl/core/neorv32_bus.vhd
neorv32/rtl/core/neorv32_dma.vhd
neorv32/rtl/core/neorv32_imem.vhd
neorv32/rtl/core/neorv32_dmem.vhd
neorv32/rtl/core/neorv32_xbus.vhd
neorv32/rtl/core/neorv32_bootrom.vhd
neorv32/rtl/core/neorv32_cfs.vhd
neorv32/rtl/core/neorv32_sdi.vhd
neorv32/rtl/core/neorv32_gpio.vhd
neorv32/rtl/core/neorv32_wdt.vhd
neorv32/rtl/core/neorv32_clint.vhd
../src/neorv32_extra/neorv32_uart.juart.vhd
neorv32/rtl/core/neorv32_spi.vhd
neorv32/rtl/core/neorv32_twi.vhd
neorv32/rtl/core/neorv32_twd.vhd
neorv32/rtl/core/neorv32_pwm.vhd
neorv32/rtl/core/neorv32_trng.vhd
neorv32/rtl/core/neorv32_neoled.vhd
neorv32/rtl/core/neorv32_gptmr.vhd
neorv32/rtl/core/neorv32_onewire.vhd
neorv32/rtl/core/neorv32_slink.vhd
neorv32/rtl/core/neorv32_tracer.vhd
neorv32/rtl/core/neorv32_sysinfo.vhd
../src/neorv32_extra/neorv32_debug_dtm.altera_sld.vhd
neorv32/rtl/core/neorv32_debug_auth.vhd
neorv32/rtl/core/neorv32_debug_dm.vhd
neorv32/rtl/core/neorv32_top.vhd
neorv32/rtl/core/neorv32_cache_ram.vhd
../sw/neorv32_imem_image.vhd
neorv32/rtl/core/neorv32_imem_rom.vhd
neorv32/rtl/core/neorv32_imem_ram.vhd
neorv32/rtl/core/neorv32_dmem_ram.vhd
neorv32/rtl/core/neorv32_bootrom_image.vhd
neorv32/rtl/core/neorv32_bootrom_rom.vhd
